// Jest Snapshot v1, https://goo.gl/fbAQLP

exports[`Button component should render proper markup 1`] = `
<div>
  <button
    class="button"
    type="submit"
  >
    Exchange
  </button>
</div>
`;
