// Jest Snapshot v1, https://goo.gl/fbAQLP

exports[`SwapPocketsButton component should render proper markup 1`] = `
<div>
  <span>
    Swap
  </span>
</div>
`;
