// Jest Snapshot v1, https://goo.gl/fbAQLP

exports[`Pocket component should render proper markup 1`] = `
<div>
  <section
    class="container to"
  >
    <div>
      <h2
        class="currency"
      >
        EUR
      </h2>
      <span
        class="balance"
      >
        Balance: 
        â‚¬0
      </span>
    </div>
    <input
      class="input"
      data-test="input-to"
      maxlength="17"
      name="to"
      placeholder="0"
      required=""
      type="tel"
    />
  </section>
</div>
`;
