// Jest Snapshot v1, https://goo.gl/fbAQLP

exports[`Input component should render proper markup 1`] = `
<div>
  <input
    class="input"
    data-test="input-to"
    maxlength="17"
    name="to"
    placeholder="0"
    required=""
    type="tel"
  />
</div>
`;
